// Jest Snapshot v1, https://goo.gl/fbAQLP

exports[`calculator should render the display input field and numeric and operator buttons 1`] = `"<div id=\\"calculator\\"><input dir=\\"ltr\\" id=\\"display\\" value=\\"0\\"><button class=\\"calculator-button\\">7</button><button class=\\"calculator-button\\">8</button><button class=\\"calculator-button\\">9</button><button class=\\"calculator-button\\">รท</button><button class=\\"calculator-button\\">4</button><button class=\\"calculator-button\\">5</button><button class=\\"calculator-button\\">6</button><button class=\\"calculator-button\\">x</button><button class=\\"calculator-button\\">1</button><button class=\\"calculator-button\\">2</button><button class=\\"calculator-button\\">3</button><button class=\\"calculator-button\\">-</button><button class=\\"calculator-button\\">0</button><button class=\\"calculator-button\\">.</button><button class=\\"calculator-button\\">=</button><button class=\\"calculator-button\\">+</button><button id=\\"clear\\" type=\\"button\\" class=\\"calculator-button\\">c</button></div>"`;
