// Jest Snapshot v1, https://goo.gl/fbAQLP

exports[`App should render the calculator and info text 1`] = `"<div class=\\"App\\"><div id=\\"calculator\\"><input dir=\\"ltr\\" id=\\"display\\" value=\\"0\\"><button class=\\"calculator-button\\">7</button><button class=\\"calculator-button\\">8</button><button class=\\"calculator-button\\">9</button><button class=\\"calculator-button\\">รท</button><button class=\\"calculator-button\\">4</button><button class=\\"calculator-button\\">5</button><button class=\\"calculator-button\\">6</button><button class=\\"calculator-button\\">x</button><button class=\\"calculator-button\\">1</button><button class=\\"calculator-button\\">2</button><button class=\\"calculator-button\\">3</button><button class=\\"calculator-button\\">-</button><button class=\\"calculator-button\\">0</button><button class=\\"calculator-button\\">.</button><button class=\\"calculator-button\\">=</button><button class=\\"calculator-button\\">+</button><button id=\\"clear\\" type=\\"button\\" class=\\"calculator-button\\">c</button></div><span id=\\"info\\">c key = clear | Enter key = answer | Backsapce key = delete | 0-9 + / - x * (=) = supported inputs | 1+2* = generates error</span></div>"`;
